// Jest Snapshot v1, https://goo.gl/fbAQLP

exports[`<ToggleTheme/> should the Toggle Theme match to snapshot 1`] = `
<button
  aria-label="switch theme"
  class="sc-58177537-0 DDfXa"
  role="switch"
  type="button"
>
  <iconify-icon
    icon="ph:sun-dim"
  />
</button>
`;
