// Jest Snapshot v1, https://goo.gl/fbAQLP

exports[`<About /> should match to snapshot 1`] = `
<section
  class="sc-ba46d7a0-0 eMdtzG"
  id="about"
>
  <h2
    class="sc-776a3b16-0 ehhqFc"
  >
    Sobre
  </h2>
  <div
    class="sc-ba46d7a0-1 gNQsyi"
  >
    <div
      class="sc-ba46d7a0-2 goOiNi"
    >
      <span
        style="box-sizing: border-box; display: inline-block; overflow: hidden; background: none; opacity: 1; border: 0px; margin: 0px; padding: 0px; position: relative; max-width: 100%;"
      >
        <span
          style="box-sizing: border-box; display: block; background: none; opacity: 1; border: 0px; margin: 0px; padding: 0px; max-width: 100%;"
        >
          <img
            alt=""
            aria-hidden="true"
            src="data:image/svg+xml,%3csvg%20xmlns=%27http://www.w3.org/2000/svg%27%20version=%271.1%27%20width=%27300%27%20height=%27300%27/%3e"
            style="display: block; max-width: 100%; background: none; opacity: 1; border: 0px; margin: 0px; padding: 0px;"
          />
        </span>
        <img
          alt="girl coding with cup of coffee"
          data-nimg="intrinsic"
          decoding="async"
          src="data:image/gif;base64,R0lGODlhAQABAIAAAAAAAP///yH5BAEAAAAALAAAAAABAAEAAAIBRAA7"
          style="position: absolute; top: 0px; left: 0px; bottom: 0px; right: 0px; box-sizing: border-box; padding: 0px; margin: auto; display: block; width: 0px; height: 0px; min-width: 100%; max-width: 100%; min-height: 100%; max-height: 100%;"
        />
        <noscript />
      </span>
    </div>
    <div
      class="sc-9a5cd56e-0 sc-f32d69d5-0 gjXRAA cOKkbS"
      direction="column"
      role="definition"
    >
      <h3
        class="sc-776a3b16-0 flLuIJ"
      >
        <span>
          Olá, sou
        </span>
         Manu Coutinho!
      </h3>
      <p
        class="sc-6c8a52e-0 gpITMB"
      >
        Eu sou uma desenvolvedora front-end, movida por uma paixão em construir coisas capazes de integrar diversos universos por meio da tecnologia.
      </p>
      <p
        class="sc-6c8a52e-0 gpITMB"
      >
        Gosto de desenvolver interfaces dinâmicas, de alta fidelidade e com designs pensados para transferir a melhor experiência ao usuário final.
      </p>
      <p
        class="sc-6c8a52e-0 gpITMB"
      >
        Minha abordagem para a resolução de problemas é altamente inclusiva, colaborativa e centrada no ser humano.
      </p>
      <p
        class="sc-6c8a52e-0 gpITMB"
      >
        Aqui, compartillho alguns dos meus projetos!
      </p>
    </div>
  </div>
  <div
    class="sc-3ba3f456-0 jrhHuJ"
  >
    <h4
      class="sc-776a3b16-0 flLuIJ"
    >
      Minhas Skills:
    </h4>
    <div
      class="sc-3ba3f456-1 jFhrOZ keen-slider"
      data-testid="slider"
    >
      <div
        class="sc-3ba3f456-2 kzWrSk keen-slider__slide"
      >
        <iconify-icon
          class="sc-3ba3f456-3 fPTSnf"
          classname="sc-3ba3f456-3 fPTSnf"
          icon="akar-icons:html-fill"
        />
      </div>
      <div
        class="sc-3ba3f456-2 kzWrSk keen-slider__slide"
      >
        <iconify-icon
          class="sc-3ba3f456-3 fPTSnf"
          classname="sc-3ba3f456-3 fPTSnf"
          icon="mdi:jquery"
        />
      </div>
      <div
        class="sc-3ba3f456-2 kzWrSk keen-slider__slide"
      >
        <iconify-icon
          class="sc-3ba3f456-3 fPTSnf"
          classname="sc-3ba3f456-3 fPTSnf"
          icon="fa-brands:react"
        />
      </div>
      <div
        class="sc-3ba3f456-2 kzWrSk keen-slider__slide"
      >
        <iconify-icon
          class="sc-3ba3f456-3 fPTSnf"
          classname="sc-3ba3f456-3 fPTSnf"
          icon="fa-brands:sass"
        />
      </div>
      <div
        class="sc-3ba3f456-2 kzWrSk keen-slider__slide"
      >
        <iconify-icon
          class="sc-3ba3f456-3 fPTSnf"
          classname="sc-3ba3f456-3 fPTSnf"
          icon="ion:logo-javascript"
        />
      </div>
      <div
        class="sc-3ba3f456-2 kzWrSk keen-slider__slide"
      >
        <iconify-icon
          class="sc-3ba3f456-3 fPTSnf"
          classname="sc-3ba3f456-3 fPTSnf"
          icon="mdi:nodejs"
        />
      </div>
      <div
        class="sc-3ba3f456-2 kzWrSk keen-slider__slide"
      >
        <iconify-icon
          class="sc-3ba3f456-3 fPTSnf"
          classname="sc-3ba3f456-3 fPTSnf"
          icon="file-icons:storybook"
        />
      </div>
      <div
        class="sc-3ba3f456-2 kzWrSk keen-slider__slide"
      >
        <iconify-icon
          class="sc-3ba3f456-3 fPTSnf"
          classname="sc-3ba3f456-3 fPTSnf"
          icon="file-icons:sentry"
        />
      </div>
      <div
        class="sc-3ba3f456-2 kzWrSk keen-slider__slide"
      >
        <iconify-icon
          class="sc-3ba3f456-3 fPTSnf"
          classname="sc-3ba3f456-3 fPTSnf"
          icon="mdi:graphql"
        />
      </div>
      <div
        class="sc-3ba3f456-2 kzWrSk keen-slider__slide"
      >
        <iconify-icon
          class="sc-3ba3f456-3 fPTSnf"
          classname="sc-3ba3f456-3 fPTSnf"
          icon="ph:figma-logo"
        />
      </div>
      <div
        class="sc-3ba3f456-2 kzWrSk keen-slider__slide"
      >
        <iconify-icon
          class="sc-3ba3f456-3 fPTSnf"
          classname="sc-3ba3f456-3 fPTSnf"
          icon="simple-icons:testinglibrary"
        />
      </div>
      <div
        class="sc-3ba3f456-2 kzWrSk keen-slider__slide"
      >
        <iconify-icon
          class="sc-3ba3f456-3 fPTSnf"
          classname="sc-3ba3f456-3 fPTSnf"
          icon="fa-brands:github"
        />
      </div>
    </div>
    <div
      class="sc-3ba3f456-1 jFhrOZ keen-slider"
    >
      <div
        class="sc-3ba3f456-2 kzWrSk keen-slider__slide"
      >
        <iconify-icon
          class="sc-3ba3f456-3 fPTSnf"
          classname="sc-3ba3f456-3 fPTSnf"
          icon="file-icons:typescript-alt"
        />
      </div>
      <div
        class="sc-3ba3f456-2 kzWrSk keen-slider__slide"
      >
        <iconify-icon
          class="sc-3ba3f456-3 fPTSnf"
          classname="sc-3ba3f456-3 fPTSnf"
          icon="file-icons:styledcomponents"
        />
      </div>
      <div
        class="sc-3ba3f456-2 kzWrSk keen-slider__slide"
      >
        <iconify-icon
          class="sc-3ba3f456-3 fPTSnf"
          classname="sc-3ba3f456-3 fPTSnf"
          icon="file-icons:nextjs"
        />
      </div>
      <div
        class="sc-3ba3f456-2 kzWrSk keen-slider__slide"
      >
        <iconify-icon
          class="sc-3ba3f456-3 fPTSnf"
          classname="sc-3ba3f456-3 fPTSnf"
          icon="file-icons:vite"
        />
      </div>
      <div
        class="sc-3ba3f456-2 kzWrSk keen-slider__slide"
      >
        <iconify-icon
          class="sc-3ba3f456-3 fPTSnf"
          classname="sc-3ba3f456-3 fPTSnf"
          icon="simple-icons:jamstack"
        />
      </div>
      <div
        class="sc-3ba3f456-2 kzWrSk keen-slider__slide"
      >
        <iconify-icon
          class="sc-3ba3f456-3 fPTSnf"
          classname="sc-3ba3f456-3 fPTSnf"
          icon="file-icons:tailwind"
        />
      </div>
      <div
        class="sc-3ba3f456-2 kzWrSk keen-slider__slide"
      >
        <iconify-icon
          class="sc-3ba3f456-3 fPTSnf"
          classname="sc-3ba3f456-3 fPTSnf"
          icon="simple-icons:mui"
        />
      </div>
      <div
        class="sc-3ba3f456-2 kzWrSk keen-slider__slide"
      >
        <iconify-icon
          class="sc-3ba3f456-3 fPTSnf"
          classname="sc-3ba3f456-3 fPTSnf"
          icon="simple-icons:chakraui"
        />
      </div>
      <div
        class="sc-3ba3f456-2 kzWrSk keen-slider__slide"
      >
        <iconify-icon
          class="sc-3ba3f456-3 fPTSnf"
          classname="sc-3ba3f456-3 fPTSnf"
          icon="file-icons:jest"
        />
      </div>
      <div
        class="sc-3ba3f456-2 kzWrSk keen-slider__slide"
      >
        <iconify-icon
          class="sc-3ba3f456-3 fPTSnf"
          classname="sc-3ba3f456-3 fPTSnf"
          icon="fa-brands:bootstrap"
        />
      </div>
      <div
        class="sc-3ba3f456-2 kzWrSk keen-slider__slide"
      >
        <iconify-icon
          class="sc-3ba3f456-3 fPTSnf"
          classname="sc-3ba3f456-3 fPTSnf"
          icon="akar-icons:css-fill"
        />
      </div>
      <div
        class="sc-3ba3f456-2 kzWrSk keen-slider__slide"
      >
        <iconify-icon
          class="sc-3ba3f456-3 fPTSnf"
          classname="sc-3ba3f456-3 fPTSnf"
          icon="fa-brands:git-alt"
        />
      </div>
    </div>
  </div>
</section>
`;
