// Jest Snapshot v1, https://goo.gl/fbAQLP

exports[`<CardContent /> should match to snapshot 1`] = `null`;
