// Jest Snapshot v1, https://goo.gl/fbAQLP

exports[`<CardContentDetails/> should render a Card Details correctly 1`] = `null`;
