// Jest Snapshot v1, https://goo.gl/fbAQLP

exports[`<Button/> should button component match to snapshot 1`] = `
<div>
  <button
    class="sc-7f192ef0-0 jtpmiH"
    type="button"
  >
    Text
  </button>
</div>
`;
