// Jest Snapshot v1, https://goo.gl/fbAQLP

exports[`<Footer/> should render a footer component correctly 1`] = `
<footer
  class="sc-929c9e9f-0 hlzEqq"
  data-testid="footer"
>
  <p>
    Copyright Â© 2022 Todos os direitos reservados. 
  </p>
  <p>
    Designed by 
    <span>
      Manu Coutinho.
    </span>
  </p>
</footer>
`;
