// Jest Snapshot v1, https://goo.gl/fbAQLP

exports[`<Navbar/> should the Navbar component match to snapshot 1`] = `
<div>
  <nav
    aria-label="Menu"
    class="sc-c389056e-0 ezVmoK"
    role="navigation"
  >
    <h1
      class="sc-7938b0ce-0 gIa-dvC"
    >
      <a
        href="#home"
        role="link"
      >
        Manu
        <span>
          Coutinho
        </span>
      </a>
    </h1>
    <button
      aria-controls="menu"
      aria-expanded="false"
      aria-haspopup="true"
      aria-label="Abrir Menu"
      aria-labelledby="menu button"
      class="sc-d2fd35-0 bfFNCg"
    >
      <iconify-icon
        icon="ph:list-bold"
      />
    </button>
    <ul
      aria-label="options"
      class="sc-8ba4dba4-0 iMFQAO"
      id="menu"
      role="menu"
    >
      <li
        class="sc-8ba4dba4-1 fhWtp"
        role="listitem"
      >
        <a
          class="sc-8ba4dba4-2 kAgogx"
          href="/#home"
        >
          Home
        </a>
      </li>
      <li
        class="sc-8ba4dba4-1 fhWtp"
        role="listitem"
      >
        <a
          class="sc-8ba4dba4-2 kAgogx"
          href="/#about"
        >
          Sobre
        </a>
      </li>
      <li
        class="sc-8ba4dba4-1 fhWtp"
        role="listitem"
      >
        <a
          class="sc-8ba4dba4-2 kAgogx"
          href="/#portfolio"
        >
          Portf√≥lio
        </a>
      </li>
      <li
        class="sc-8ba4dba4-1 fhWtp"
        role="listitem"
      >
        <a
          class="sc-8ba4dba4-2 kAgogx"
          href="/#contact"
        >
          Contato
        </a>
      </li>
    </ul>
  </nav>
</div>
`;
