// Jest Snapshot v1, https://goo.gl/fbAQLP

exports[`<Text/> should render with text align prop 1`] = `
<div>
  <p
    class="sc-6c8a52e-0 joPIFh"
  >
    Text
  </p>
</div>
`;
