// Jest Snapshot v1, https://goo.gl/fbAQLP

exports[`<Heading/> should render a Heading component correctly  1`] = `
<div>
  <h2
    class="sc-94e9b77b-0 dbunNU"
  >
    Text
  </h2>
</div>
`;
