// Jest Snapshot v1, https://goo.gl/fbAQLP

exports[`<SocialLink/> should the Social Link component match to snapshot 1`] = `
<div>
  <a
    class="sc-50200a44-0 joPacZ"
    href="#"
    rel="noopener noreferrer"
    target="_blank"
  >
    Text
  </a>
</div>
`;
